com\phong\taskmanagement\dto\request\UpdateSystemConfigRequest.class
com\phong\taskmanagement\domain\entity\User.class
com\phong\taskmanagement\config\OpenApiConfig.class
com\phong\taskmanagement\dto\response\TaskPriorityChartResponse.class
com\phong\taskmanagement\domain\entity\Attachment$AttachmentBuilder.class
com\phong\taskmanagement\domain\repository\ProjectMemberRepository.class
com\phong\taskmanagement\scheduler\RefreshTokenScheduler.class
com\phong\taskmanagement\domain\entity\RefreshToken$RefreshTokenBuilder.class
com\phong\taskmanagement\controller\EmailController.class
com\phong\taskmanagement\domain\entity\Role$RoleBuilder.class
com\phong\taskmanagement\dto\request\RegisterRequest.class
com\phong\taskmanagement\controller\ProjectMemberController.class
com\phong\taskmanagement\exception\BusinessException.class
com\phong\taskmanagement\domain\entity\Notification$NotificationBuilder.class
com\phong\taskmanagement\dto\response\TaskMonthlyChartResponse$TaskMonthlyChartResponseBuilder.class
com\phong\taskmanagement\dto\request\UpdateProjectMemberRoleRequest.class
com\phong\taskmanagement\dto\response\TaskStatusChartResponse.class
com\phong\taskmanagement\controller\HomeController.class
com\phong\taskmanagement\domain\entity\SystemConfig$SystemConfigBuilder.class
com\phong\taskmanagement\domain\repository\UserRepository.class
com\phong\taskmanagement\domain\entity\Notification.class
com\phong\taskmanagement\domain\repository\PositionRepository.class
com\phong\taskmanagement\domain\entity\QActivityLog.class
com\phong\taskmanagement\domain\entity\Project.class
com\phong\taskmanagement\component\DatabaseInitializer.class
com\phong\taskmanagement\dto\request\UpdateTaskCommentRequest.class
com\phong\taskmanagement\domain\entity\PasswordResetToken$PasswordResetTokenBuilder.class
com\phong\taskmanagement\domain\repository\TaskRepositoryCustom.class
com\phong\taskmanagement\domain\entity\QProject.class
com\phong\taskmanagement\domain\repository\PasswordResetTokenRepository.class
com\phong\taskmanagement\domain\entity\QTask.class
com\phong\taskmanagement\domain\entity\TaskComment$TaskCommentBuilder.class
com\phong\taskmanagement\dto\request\AddProjectMemberRequest$AddProjectMemberRequestBuilder.class
com\phong\taskmanagement\dto\response\TaskCommentResponse$TaskCommentResponseBuilder.class
com\phong\taskmanagement\domain\entity\ProjectMember.class
com\phong\taskmanagement\controller\SystemConfigController.class
com\phong\taskmanagement\domain\entity\QAttachment.class
com\phong\taskmanagement\domain\repository\NotificationRepository.class
com\phong\taskmanagement\domain\entity\ActivityLog$ActivityLogBuilder.class
com\phong\taskmanagement\dto\request\CreateTaskCommentRequest$CreateTaskCommentRequestBuilder.class
com\phong\taskmanagement\domain\entity\Role.class
com\phong\taskmanagement\domain\entity\ProjectMember$ProjectMemberBuilder.class
com\phong\taskmanagement\domain\repository\SystemConfigRepository.class
com\phong\taskmanagement\domain\repository\TaskRepositoryImpl.class
com\phong\taskmanagement\dto\response\SystemConfigResponse.class
com\phong\taskmanagement\domain\entity\ProjectMemberId.class
com\phong\taskmanagement\service\impl\ProjectMemberServiceImpl.class
com\phong\taskmanagement\domain\entity\Project$ProjectBuilder.class
com\phong\taskmanagement\service\impl\TaskCommentServiceImpl.class
com\phong\taskmanagement\dto\response\TaskMonthlyChartResponse.class
com\phong\taskmanagement\dto\response\ProjectMemberResponse$ProjectMemberResponseBuilder.class
com\phong\taskmanagement\domain\entity\Position.class
com\phong\taskmanagement\exception\ValidationException.class
com\phong\taskmanagement\dto\response\ProjectMemberResponse.class
com\phong\taskmanagement\domain\entity\QTaskComment.class
com\phong\taskmanagement\domain\enums\TaskStatus.class
com\phong\taskmanagement\security\RateLimitingFilter.class
com\phong\taskmanagement\domain\entity\User$UserBuilder.class
com\phong\taskmanagement\domain\entity\PasswordResetToken.class
com\phong\taskmanagement\domain\repository\ProjectRepository.class
com\phong\taskmanagement\dto\request\UpdateSystemConfigRequest$UpdateSystemConfigRequestBuilder.class
com\phong\taskmanagement\domain\repository\RoleRepository.class
com\phong\taskmanagement\domain\entity\SystemConfig.class
com\phong\taskmanagement\dto\request\UpdateTaskStatusRequest$UpdateTaskStatusRequestBuilder.class
com\phong\taskmanagement\dto\request\ResetPasswordRequest.class
com\phong\taskmanagement\dto\request\UpdateUserRequest.class
com\phong\taskmanagement\domain\entity\QSystemConfig.class
com\phong\taskmanagement\domain\entity\ActivityLog.class
com\phong\taskmanagement\domain\repository\ActivityLogRepository.class
com\phong\taskmanagement\dto\request\ChangePasswordRequest.class
com\phong\taskmanagement\domain\repository\TaskRepository.class
com\phong\taskmanagement\dto\response\SystemConfigResponse$SystemConfigResponseBuilder.class
com\phong\taskmanagement\aspect\LoggingAspect.class
com\phong\taskmanagement\dto\request\ForgotPasswordRequest.class
com\phong\taskmanagement\scheduler\NotificationScheduler.class
com\phong\taskmanagement\dto\request\CreateTaskCommentRequest.class
com\phong\taskmanagement\domain\entity\Attachment.class
com\phong\taskmanagement\domain\entity\QPasswordResetToken.class
com\phong\taskmanagement\domain\entity\QNotification.class
com\phong\taskmanagement\domain\entity\RefreshToken.class
com\phong\taskmanagement\dto\response\TaskStatusChartResponse$TaskStatusChartResponseBuilder.class
com\phong\taskmanagement\dto\response\TaskPriorityChartResponse$TaskPriorityChartResponseBuilder.class
com\phong\taskmanagement\domain\entity\QRefreshToken.class
com\phong\taskmanagement\domain\entity\QProjectMember.class
com\phong\taskmanagement\dto\request\AddProjectMemberRequest.class
com\phong\taskmanagement\domain\entity\Task.class
com\phong\taskmanagement\controller\TaskCommentController.class
com\phong\taskmanagement\dto\request\UpdateTaskStatusRequest.class
com\phong\taskmanagement\domain\entity\QPosition.class
com\phong\taskmanagement\domain\repository\AttachmentRepository.class
com\phong\taskmanagement\domain\entity\Position$PositionBuilder.class
com\phong\taskmanagement\exception\SecurityException.class
com\phong\taskmanagement\domain\entity\QRole.class
com\phong\taskmanagement\domain\entity\Task$TaskBuilder.class
com\phong\taskmanagement\service\impl\SystemConfigServiceImpl.class
com\phong\taskmanagement\config\WebSocketConfig.class
com\phong\taskmanagement\scheduler\TaskReminderScheduler.class
com\phong\taskmanagement\domain\repository\RefreshTokenRepository.class
com\phong\taskmanagement\domain\repository\TaskCommentRepository.class
com\phong\taskmanagement\config\WebSocketConfig$1.class
com\phong\taskmanagement\domain\entity\TaskComment.class
com\phong\taskmanagement\dto\response\TaskCommentResponse.class
com\phong\taskmanagement\domain\entity\QUser.class
