E:\Project\taskmanagement\src\main\java\com\phong\taskmanagement\aspect\LoggingAspect.java
E:\Project\taskmanagement\src\main\java\com\phong\taskmanagement\common\response\ApiResponse.java
E:\Project\taskmanagement\src\main\java\com\phong\taskmanagement\common\validation\UniqueEmail.java
E:\Project\taskmanagement\src\main\java\com\phong\taskmanagement\common\validation\UniqueEmailValidator.java
E:\Project\taskmanagement\src\main\java\com\phong\taskmanagement\common\validation\UniqueUsername.java
E:\Project\taskmanagement\src\main\java\com\phong\taskmanagement\common\validation\UniqueUsernameValidator.java
E:\Project\taskmanagement\src\main\java\com\phong\taskmanagement\common\validation\ValidPassword.java
E:\Project\taskmanagement\src\main\java\com\phong\taskmanagement\common\validation\ValidPasswordValidator.java
E:\Project\taskmanagement\src\main\java\com\phong\taskmanagement\component\DatabaseInitializer.java
E:\Project\taskmanagement\src\main\java\com\phong\taskmanagement\config\OpenApiConfig.java
E:\Project\taskmanagement\src\main\java\com\phong\taskmanagement\config\PasswordConfig.java
E:\Project\taskmanagement\src\main\java\com\phong\taskmanagement\config\QueryDslConfig.java
E:\Project\taskmanagement\src\main\java\com\phong\taskmanagement\config\SecurityConfig.java
E:\Project\taskmanagement\src\main\java\com\phong\taskmanagement\config\WebSocketConfig.java
E:\Project\taskmanagement\src\main\java\com\phong\taskmanagement\controller\ActivityLogController.java
E:\Project\taskmanagement\src\main\java\com\phong\taskmanagement\controller\AttachmentController.java
E:\Project\taskmanagement\src\main\java\com\phong\taskmanagement\controller\AuthController.java
E:\Project\taskmanagement\src\main\java\com\phong\taskmanagement\controller\DashboardController.java
E:\Project\taskmanagement\src\main\java\com\phong\taskmanagement\controller\EmailController.java
E:\Project\taskmanagement\src\main\java\com\phong\taskmanagement\controller\ExportController.java
E:\Project\taskmanagement\src\main\java\com\phong\taskmanagement\controller\HomeController.java
E:\Project\taskmanagement\src\main\java\com\phong\taskmanagement\controller\NotificationController.java
E:\Project\taskmanagement\src\main\java\com\phong\taskmanagement\controller\PositionController.java
E:\Project\taskmanagement\src\main\java\com\phong\taskmanagement\controller\ProjectController.java
E:\Project\taskmanagement\src\main\java\com\phong\taskmanagement\controller\ProjectMemberController.java
E:\Project\taskmanagement\src\main\java\com\phong\taskmanagement\controller\ReportController.java
E:\Project\taskmanagement\src\main\java\com\phong\taskmanagement\controller\RoleController.java
E:\Project\taskmanagement\src\main\java\com\phong\taskmanagement\controller\SystemConfigController.java
E:\Project\taskmanagement\src\main\java\com\phong\taskmanagement\controller\TaskCommentController.java
E:\Project\taskmanagement\src\main\java\com\phong\taskmanagement\controller\TaskController.java
E:\Project\taskmanagement\src\main\java\com\phong\taskmanagement\controller\TestController.java
E:\Project\taskmanagement\src\main\java\com\phong\taskmanagement\controller\UserController.java
E:\Project\taskmanagement\src\main\java\com\phong\taskmanagement\domain\entity\ActivityLog.java
E:\Project\taskmanagement\src\main\java\com\phong\taskmanagement\domain\entity\Attachment.java
E:\Project\taskmanagement\src\main\java\com\phong\taskmanagement\domain\entity\Notification.java
E:\Project\taskmanagement\src\main\java\com\phong\taskmanagement\domain\entity\PasswordResetToken.java
E:\Project\taskmanagement\src\main\java\com\phong\taskmanagement\domain\entity\Position.java
E:\Project\taskmanagement\src\main\java\com\phong\taskmanagement\domain\entity\Project.java
E:\Project\taskmanagement\src\main\java\com\phong\taskmanagement\domain\entity\ProjectMember.java
E:\Project\taskmanagement\src\main\java\com\phong\taskmanagement\domain\entity\ProjectMemberId.java
E:\Project\taskmanagement\src\main\java\com\phong\taskmanagement\domain\entity\RefreshToken.java
E:\Project\taskmanagement\src\main\java\com\phong\taskmanagement\domain\entity\Role.java
E:\Project\taskmanagement\src\main\java\com\phong\taskmanagement\domain\entity\SystemConfig.java
E:\Project\taskmanagement\src\main\java\com\phong\taskmanagement\domain\entity\Task.java
E:\Project\taskmanagement\src\main\java\com\phong\taskmanagement\domain\entity\TaskComment.java
E:\Project\taskmanagement\src\main\java\com\phong\taskmanagement\domain\entity\User.java
E:\Project\taskmanagement\src\main\java\com\phong\taskmanagement\domain\enums\TaskStatus.java
E:\Project\taskmanagement\src\main\java\com\phong\taskmanagement\domain\repository\ActivityLogRepository.java
E:\Project\taskmanagement\src\main\java\com\phong\taskmanagement\domain\repository\AttachmentRepository.java
E:\Project\taskmanagement\src\main\java\com\phong\taskmanagement\domain\repository\NotificationRepository.java
E:\Project\taskmanagement\src\main\java\com\phong\taskmanagement\domain\repository\PasswordResetTokenRepository.java
E:\Project\taskmanagement\src\main\java\com\phong\taskmanagement\domain\repository\PositionRepository.java
E:\Project\taskmanagement\src\main\java\com\phong\taskmanagement\domain\repository\ProjectMemberRepository.java
E:\Project\taskmanagement\src\main\java\com\phong\taskmanagement\domain\repository\ProjectRepository.java
E:\Project\taskmanagement\src\main\java\com\phong\taskmanagement\domain\repository\RefreshTokenRepository.java
E:\Project\taskmanagement\src\main\java\com\phong\taskmanagement\domain\repository\RoleRepository.java
E:\Project\taskmanagement\src\main\java\com\phong\taskmanagement\domain\repository\SystemConfigRepository.java
E:\Project\taskmanagement\src\main\java\com\phong\taskmanagement\domain\repository\TaskCommentRepository.java
E:\Project\taskmanagement\src\main\java\com\phong\taskmanagement\domain\repository\TaskRepository.java
E:\Project\taskmanagement\src\main\java\com\phong\taskmanagement\domain\repository\TaskRepositoryCustom.java
E:\Project\taskmanagement\src\main\java\com\phong\taskmanagement\domain\repository\TaskRepositoryImpl.java
E:\Project\taskmanagement\src\main\java\com\phong\taskmanagement\domain\repository\UserRepository.java
E:\Project\taskmanagement\src\main\java\com\phong\taskmanagement\dto\request\AddProjectMemberRequest.java
E:\Project\taskmanagement\src\main\java\com\phong\taskmanagement\dto\request\ChangePasswordRequest.java
E:\Project\taskmanagement\src\main\java\com\phong\taskmanagement\dto\request\CreateActivityLogRequest.java
E:\Project\taskmanagement\src\main\java\com\phong\taskmanagement\dto\request\CreateAttachmentRequest.java
E:\Project\taskmanagement\src\main\java\com\phong\taskmanagement\dto\request\CreatePositionRequest.java
E:\Project\taskmanagement\src\main\java\com\phong\taskmanagement\dto\request\CreateProjectRequest.java
E:\Project\taskmanagement\src\main\java\com\phong\taskmanagement\dto\request\CreateRoleRequest.java
E:\Project\taskmanagement\src\main\java\com\phong\taskmanagement\dto\request\CreateTaskCommentRequest.java
E:\Project\taskmanagement\src\main\java\com\phong\taskmanagement\dto\request\CreateTaskRequest.java
E:\Project\taskmanagement\src\main\java\com\phong\taskmanagement\dto\request\CreateUserRequest.java
E:\Project\taskmanagement\src\main\java\com\phong\taskmanagement\dto\request\ForgotPasswordRequest.java
E:\Project\taskmanagement\src\main\java\com\phong\taskmanagement\dto\request\LoginRequest.java
E:\Project\taskmanagement\src\main\java\com\phong\taskmanagement\dto\request\RefreshTokenRequest.java
E:\Project\taskmanagement\src\main\java\com\phong\taskmanagement\dto\request\RegisterRequest.java
E:\Project\taskmanagement\src\main\java\com\phong\taskmanagement\dto\request\ResetPasswordRequest.java
E:\Project\taskmanagement\src\main\java\com\phong\taskmanagement\dto\request\TaskSearchRequest.java
E:\Project\taskmanagement\src\main\java\com\phong\taskmanagement\dto\request\UpdateProjectMemberRoleRequest.java
E:\Project\taskmanagement\src\main\java\com\phong\taskmanagement\dto\request\UpdateSystemConfigRequest.java
E:\Project\taskmanagement\src\main\java\com\phong\taskmanagement\dto\request\UpdateTaskCommentRequest.java
E:\Project\taskmanagement\src\main\java\com\phong\taskmanagement\dto\request\UpdateTaskStatusRequest.java
E:\Project\taskmanagement\src\main\java\com\phong\taskmanagement\dto\request\UpdateUserRequest.java
E:\Project\taskmanagement\src\main\java\com\phong\taskmanagement\dto\response\AccessTokenResponse.java
E:\Project\taskmanagement\src\main\java\com\phong\taskmanagement\dto\response\ActivityLogResponse.java
E:\Project\taskmanagement\src\main\java\com\phong\taskmanagement\dto\response\AttachmentResponse.java
E:\Project\taskmanagement\src\main\java\com\phong\taskmanagement\dto\response\DashboardResponse.java
E:\Project\taskmanagement\src\main\java\com\phong\taskmanagement\dto\response\LoginResponse.java
E:\Project\taskmanagement\src\main\java\com\phong\taskmanagement\dto\response\NotificationResponse.java
E:\Project\taskmanagement\src\main\java\com\phong\taskmanagement\dto\response\PositionResponse.java
E:\Project\taskmanagement\src\main\java\com\phong\taskmanagement\dto\response\ProjectMemberResponse.java
E:\Project\taskmanagement\src\main\java\com\phong\taskmanagement\dto\response\ProjectResponse.java
E:\Project\taskmanagement\src\main\java\com\phong\taskmanagement\dto\response\RefreshTokenResponse.java
E:\Project\taskmanagement\src\main\java\com\phong\taskmanagement\dto\response\RoleResponse.java
E:\Project\taskmanagement\src\main\java\com\phong\taskmanagement\dto\response\SystemConfigResponse.java
E:\Project\taskmanagement\src\main\java\com\phong\taskmanagement\dto\response\TaskCommentResponse.java
E:\Project\taskmanagement\src\main\java\com\phong\taskmanagement\dto\response\TaskMonthlyChartResponse.java
E:\Project\taskmanagement\src\main\java\com\phong\taskmanagement\dto\response\TaskPriorityChartResponse.java
E:\Project\taskmanagement\src\main\java\com\phong\taskmanagement\dto\response\TaskPriorityResponse.java
E:\Project\taskmanagement\src\main\java\com\phong\taskmanagement\dto\response\TaskResponse.java
E:\Project\taskmanagement\src\main\java\com\phong\taskmanagement\dto\response\TaskStatusChartResponse.java
E:\Project\taskmanagement\src\main\java\com\phong\taskmanagement\dto\response\UserResponse.java
E:\Project\taskmanagement\src\main\java\com\phong\taskmanagement\exception\BusinessException.java
E:\Project\taskmanagement\src\main\java\com\phong\taskmanagement\exception\GlobalExceptionHandler.java
E:\Project\taskmanagement\src\main\java\com\phong\taskmanagement\exception\ResourceNotFoundException.java
E:\Project\taskmanagement\src\main\java\com\phong\taskmanagement\exception\SecurityException.java
E:\Project\taskmanagement\src\main\java\com\phong\taskmanagement\exception\ValidationException.java
E:\Project\taskmanagement\src\main\java\com\phong\taskmanagement\scheduler\NotificationScheduler.java
E:\Project\taskmanagement\src\main\java\com\phong\taskmanagement\scheduler\RefreshTokenScheduler.java
E:\Project\taskmanagement\src\main\java\com\phong\taskmanagement\scheduler\TaskReminderScheduler.java
E:\Project\taskmanagement\src\main\java\com\phong\taskmanagement\security\JwtAuthenticationFilter.java
E:\Project\taskmanagement\src\main\java\com\phong\taskmanagement\security\JwtService.java
E:\Project\taskmanagement\src\main\java\com\phong\taskmanagement\security\RateLimitingFilter.java
E:\Project\taskmanagement\src\main\java\com\phong\taskmanagement\security\RoleName.java
E:\Project\taskmanagement\src\main\java\com\phong\taskmanagement\service\impl\ActivityLogServiceImpl.java
E:\Project\taskmanagement\src\main\java\com\phong\taskmanagement\service\impl\AttachmentServiceImpl.java
E:\Project\taskmanagement\src\main\java\com\phong\taskmanagement\service\impl\AuthServiceImpl.java
E:\Project\taskmanagement\src\main\java\com\phong\taskmanagement\service\impl\CustomUserDetailsService.java
E:\Project\taskmanagement\src\main\java\com\phong\taskmanagement\service\impl\DashboardServiceImpl.java
E:\Project\taskmanagement\src\main\java\com\phong\taskmanagement\service\impl\EmailServiceImpl.java
E:\Project\taskmanagement\src\main\java\com\phong\taskmanagement\service\impl\ExportPdfServiceImpl.java
E:\Project\taskmanagement\src\main\java\com\phong\taskmanagement\service\impl\ExportServiceImpl.java
E:\Project\taskmanagement\src\main\java\com\phong\taskmanagement\service\impl\NotificationServiceImpl.java
E:\Project\taskmanagement\src\main\java\com\phong\taskmanagement\service\impl\PositionServiceImpl.java
E:\Project\taskmanagement\src\main\java\com\phong\taskmanagement\service\impl\ProjectMemberServiceImpl.java
E:\Project\taskmanagement\src\main\java\com\phong\taskmanagement\service\impl\ProjectServiceImpl.java
E:\Project\taskmanagement\src\main\java\com\phong\taskmanagement\service\impl\RefreshTokenServiceImpl.java
E:\Project\taskmanagement\src\main\java\com\phong\taskmanagement\service\impl\ReportServiceImpl.java
E:\Project\taskmanagement\src\main\java\com\phong\taskmanagement\service\impl\RoleServiceImpl.java
E:\Project\taskmanagement\src\main\java\com\phong\taskmanagement\service\impl\SystemConfigServiceImpl.java
E:\Project\taskmanagement\src\main\java\com\phong\taskmanagement\service\impl\TaskCommentServiceImpl.java
E:\Project\taskmanagement\src\main\java\com\phong\taskmanagement\service\impl\TaskServiceImpl.java
E:\Project\taskmanagement\src\main\java\com\phong\taskmanagement\service\impl\UserServiceImpl.java
E:\Project\taskmanagement\src\main\java\com\phong\taskmanagement\service\interfaces\ActivityLogService.java
E:\Project\taskmanagement\src\main\java\com\phong\taskmanagement\service\interfaces\AttachmentService.java
E:\Project\taskmanagement\src\main\java\com\phong\taskmanagement\service\interfaces\AuthService.java
E:\Project\taskmanagement\src\main\java\com\phong\taskmanagement\service\interfaces\DashboardService.java
E:\Project\taskmanagement\src\main\java\com\phong\taskmanagement\service\interfaces\EmailService.java
E:\Project\taskmanagement\src\main\java\com\phong\taskmanagement\service\interfaces\ExportPdfService.java
E:\Project\taskmanagement\src\main\java\com\phong\taskmanagement\service\interfaces\ExportService.java
E:\Project\taskmanagement\src\main\java\com\phong\taskmanagement\service\interfaces\NotificationService.java
E:\Project\taskmanagement\src\main\java\com\phong\taskmanagement\service\interfaces\PositionService.java
E:\Project\taskmanagement\src\main\java\com\phong\taskmanagement\service\interfaces\ProjectMemberService.java
E:\Project\taskmanagement\src\main\java\com\phong\taskmanagement\service\interfaces\ProjectService.java
E:\Project\taskmanagement\src\main\java\com\phong\taskmanagement\service\interfaces\RealTimeUpdateService.java
E:\Project\taskmanagement\src\main\java\com\phong\taskmanagement\service\interfaces\RefreshTokenService.java
E:\Project\taskmanagement\src\main\java\com\phong\taskmanagement\service\interfaces\ReportService.java
E:\Project\taskmanagement\src\main\java\com\phong\taskmanagement\service\interfaces\RoleService.java
E:\Project\taskmanagement\src\main\java\com\phong\taskmanagement\service\interfaces\SystemConfigService.java
E:\Project\taskmanagement\src\main\java\com\phong\taskmanagement\service\interfaces\TaskCommentService.java
E:\Project\taskmanagement\src\main\java\com\phong\taskmanagement\service\interfaces\TaskService.java
E:\Project\taskmanagement\src\main\java\com\phong\taskmanagement\service\interfaces\UserService.java
E:\Project\taskmanagement\src\main\java\com\phong\taskmanagement\TaskmanagementApplication.java
