taskmanagement-app  |         t1_0.id=?
taskmanagement-app  | Hibernate: 
taskmanagement-app  |     select
taskmanagement-app  |         t1_0.id,
taskmanagement-app  |         a1_0.id,
taskmanagement-app  |         a1_0.active,
taskmanagement-app  |         a1_0.created_at,
taskmanagement-app  |         a1_0.email,
taskmanagement-app  |         a1_0.full_name,
taskmanagement-app  |         a1_0.password,
taskmanagement-app  |         a1_0.phone,
taskmanagement-app  |         a1_0.updated_at,
taskmanagement-app  |         a1_0.username,
taskmanagement-app  |         t1_0.description,
taskmanagement-app  |         t1_0.due_date,
taskmanagement-app  |         t1_0.priority,
taskmanagement-app  |         p1_0.id,
taskmanagement-app  |         p1_0.description,
taskmanagement-app  |         p1_0.end_date,
taskmanagement-app  |         p1_0.project_code,
taskmanagement-app  |         p1_0.project_name,
taskmanagement-app  |         p1_0.start_date,
taskmanagement-app  |         p1_0.status,
taskmanagement-app  |         t1_0.start_date,
taskmanagement-app  |         t1_0.status,
taskmanagement-app  |         t1_0.title 
taskmanagement-app  |     from
taskmanagement-app  |         tasks t1_0 
taskmanagement-app  |     left join
taskmanagement-app  |         users a1_0 
taskmanagement-app  |             on a1_0.id=t1_0.assignee_id 
taskmanagement-app  |     left join
taskmanagement-app  |         projects p1_0 
taskmanagement-app  |             on p1_0.id=t1_0.project_id 
taskmanagement-app  |     where
taskmanagement-app  |         t1_0.id=?
taskmanagement-app  | 2026-06-29 07:31:56 [http-nio-8080-exec-3] DEBUG c.p.t.aspect.LoggingAspect - Service method com.phong.taskmanagement.service.impl.ActivityLogServiceImpl.getAllLogs() executed in 19 ms
taskmanagement-app  | 2026-06-29 07:31:56 [http-nio-8080-exec-3] DEBUG c.p.t.aspect.LoggingAspect - REST Response from com.phong.taskmanagement.controller.ActivityLogController.getAllLogs: com.phong.taskmanagement.dto.response.ApiResponse@52705318
taskmanagement-app  | === JWT FILTER ===
taskmanagement-app  | URI: /api/notifications/unread
taskmanagement-app  | Header: Bearer eyJhbGciOiJIUzI1NiJ9.eyJzdWIiOiJhZG1pbiIsInJvbGVzIjpbIkFETUlOIl0sImlhdCI6MTc4MjcxODMxNSwiZXhwIjoxNzgyODA0NzE1fQ.Og0wm7CK4GCO6PGrWRPIh25568IwqETBAs4JneVov7w
taskmanagement-app  | 2026-06-29 07:31:56 [http-nio-8080-exec-4] DEBUG c.p.t.aspect.LoggingAspect - Service method com.phong.taskmanagement.security.JwtService.extractUsername() executed in 2 ms
taskmanagement-app  | 2026-06-29 07:31:56 [http-nio-8080-exec-4] DEBUG c.p.t.aspect.LoggingAspect - Service method com.phong.taskmanagement.security.JwtService.extractRoles() executed in 0 ms
taskmanagement-app  | Username: admin
taskmanagement-app  | Roles: [ADMIN]
taskmanagement-app  | AUTH = true
taskmanagement-app  | Authentication Success
taskmanagement-app  | org.springframework.web.bind.MissingServletRequestParameterException: Required request parameter 'userId' for method parameter type Long is not present
taskmanagement-app  | 	at org.springframework.web.method.annotation.RequestParamMethodArgumentResolver.handleMissingValueInternal(RequestParamMethodArgumentResolver.java:220)
taskmanagement-app  | 	at org.springframework.web.method.annotation.RequestParamMethodArgumentResolver.handleMissingValue(RequestParamMethodArgumentResolver.java:196)
taskmanagement-app  | 	at org.springframework.web.method.annotation.AbstractNamedValueMethodArgumentResolver.resolveArgument(AbstractNamedValueMethodArgumentResolver.java:125)
taskmanagement-app  | 	at org.springframework.web.method.support.HandlerMethodArgumentResolverComposite.resolveArgument(HandlerMethodArgumentResolverComposite.java:122)
taskmanagement-app  | 	at org.springframework.web.method.support.InvocableHandlerMethod.getMethodArgumentValues(InvocableHandlerMethod.java:227)
taskmanagement-app  | 	at org.springframework.web.method.support.InvocableHandlerMethod.invokeForRequest(InvocableHandlerMethod.java:181)
taskmanagement-app  | 	at org.springframework.web.servlet.mvc.method.annotation.ServletInvocableHandlerMethod.invokeAndHandle(ServletInvocableHandlerMethod.java:118)
taskmanagement-app  | 	at org.springframework.web.servlet.mvc.method.annotation.RequestMappingHandlerAdapter.invokeHandlerMethod(RequestMappingHandlerAdapter.java:986)
taskmanagement-app  | 	at org.springframework.web.servlet.mvc.method.annotation.RequestMappingHandlerAdapter.handleInternal(RequestMappingHandlerAdapter.java:891)
taskmanagement-app  | 	at org.springframework.web.servlet.mvc.method.AbstractHandlerMethodAdapter.handle(AbstractHandlerMethodAdapter.java:87)
taskmanagement-app  | 	at org.springframework.web.servlet.DispatcherServlet.doDispatch(DispatcherServlet.java:1089)
taskmanagement-app  | 	at org.springframework.web.servlet.DispatcherServlet.doService(DispatcherServlet.java:979)
taskmanagement-app  | 	at org.springframework.web.servlet.FrameworkServlet.processRequest(FrameworkServlet.java:1014)
taskmanagement-app  | 	at org.springframework.web.servlet.FrameworkServlet.doGet(FrameworkServlet.java:903)
taskmanagement-app  | 	at jakarta.servlet.http.HttpServlet.service(HttpServlet.java:564)
taskmanagement-app  | 	at org.springframework.web.servlet.FrameworkServlet.service(FrameworkServlet.java:885)
taskmanagement-app  | 	at jakarta.servlet.http.HttpServlet.service(HttpServlet.java:658)
taskmanagement-app  | 	at org.apache.catalina.core.ApplicationFilterChain.internalDoFilter(ApplicationFilterChain.java:195)
taskmanagement-app  | 	at org.apache.catalina.core.ApplicationFilterChain.doFilter(ApplicationFilterChain.java:140)
taskmanagement-app  | 	at org.apache.tomcat.websocket.server.WsFilter.doFilter(WsFilter.java:51)
taskmanagement-app  | 	at org.apache.catalina.core.ApplicationFilterChain.internalDoFilter(ApplicationFilterChain.java:164)
taskmanagement-app  | 	at org.apache.catalina.core.ApplicationFilterChain.doFilter(ApplicationFilterChain.java:140)
taskmanagement-app  | 	at com.phong.taskmanagement.security.RateLimitingFilter.doFilterInternal(RateLimitingFilter.java:38)
taskmanagement-app  | 	at org.springframework.web.filter.OncePerRequestFilter.doFilter(OncePerRequestFilter.java:116)
taskmanagement-app  | 	at org.apache.catalina.core.ApplicationFilterChain.internalDoFilter(ApplicationFilterChain.java:164)
taskmanagement-app  | 	at org.apache.catalina.core.ApplicationFilterChain.doFilter(ApplicationFilterChain.java:140)
taskmanagement-app  | 	at org.springframework.web.filter.OncePerRequestFilter.doFilter(OncePerRequestFilter.java:110)
taskmanagement-app  | 	at org.apache.catalina.core.ApplicationFilterChain.internalDoFilter(ApplicationFilterChain.java:164)
taskmanagement-app  | 	at org.apache.catalina.core.ApplicationFilterChain.doFilter(ApplicationFilterChain.java:140)
taskmanagement-app  | 	at org.springframework.web.filter.CompositeFilter$VirtualFilterChain.doFilter(CompositeFilter.java:108)
taskmanagement-app  | 	at org.springframework.web.filter.CompositeFilter$VirtualFilterChain.doFilter(CompositeFilter.java:108)
taskmanagement-app  | 	at org.springframework.security.web.FilterChainProxy.lambda$doFilterInternal$3(FilterChainProxy.java:231)
taskmanagement-app  | 	at org.springframework.security.web.ObservationFilterChainDecorator$FilterObservation$SimpleFilterObservation.lambda$wrap$1(ObservationFilterChainDecorator.java:479)
taskmanagement-app  | 	at org.springframework.security.web.ObservationFilterChainDecorator$AroundFilterObservation$SimpleAroundFilterObservation.lambda$wrap$1(ObservationFilterChainDecorator.java:340)
taskmanagement-app  | 	at org.springframework.security.web.ObservationFilterChainDecorator.lambda$wrapSecured$0(ObservationFilterChainDecorator.java:82)
taskmanagement-app  | 	at org.springframework.security.web.ObservationFilterChainDecorator$VirtualFilterChain.doFilter(ObservationFilterChainDecorator.java:128)
taskmanagement-app  | 	at org.springframework.security.web.access.intercept.AuthorizationFilter.doFilter(AuthorizationFilter.java:101)
taskmanagement-app  | 	at org.springframework.security.web.ObservationFilterChainDecorator$ObservationFilter.wrapFilter(ObservationFilterChainDecorator.java:240)
taskmanagement-app  | 	at org.springframework.security.web.ObservationFilterChainDecorator$ObservationFilter.doFilter(ObservationFilterChainDecorator.java:227)
taskmanagement-app  | 	at org.springframework.security.web.ObservationFilterChainDecorator$VirtualFilterChain.doFilter(ObservationFilterChainDecorator.java:137)
taskmanagement-app  | 	at org.springframework.security.web.access.ExceptionTranslationFilter.doFilter(ExceptionTranslationFilter.java:125)
taskmanagement-app  | 	at org.springframework.security.web.access.ExceptionTranslationFilter.doFilter(ExceptionTranslationFilter.java:119)
taskmanagement-app  | 	at org.springframework.security.web.ObservationFilterChainDecorator$ObservationFilter.wrapFilter(ObservationFilterChainDecorator.java:240)
taskmanagement-app  | 	at org.springframework.security.web.ObservationFilterChainDecorator$ObservationFilter.doFilter(ObservationFilterChainDecorator.java:227)
taskmanagement-app  | 	at org.springframework.security.web.ObservationFilterChainDecorator$VirtualFilterChain.doFilter(ObservationFilterChainDecorator.java:137)
taskmanagement-app  | 	at org.springframework.security.web.session.SessionManagementFilter.doFilter(SessionManagementFilter.java:131)
taskmanagement-app  | 	at org.springframework.security.web.session.SessionManagementFilter.doFilter(SessionManagementFilter.java:85)
taskmanagement-app  | 	at org.springframework.security.web.ObservationFilterChainDecorator$ObservationFilter.wrapFilter(ObservationFilterChainDecorator.java:240)
taskmanagement-app  | 	at org.springframework.security.web.ObservationFilterChainDecorator$ObservationFilter.doFilter(ObservationFilterChainDecorator.java:227)
taskmanagement-app  | 	at org.springframework.security.web.ObservationFilterChainDecorator$VirtualFilterChain.doFilter(ObservationFilterChainDecorator.java:137)
taskmanagement-app  | 	at org.springframework.security.web.authentication.AnonymousAuthenticationFilter.doFilter(AnonymousAuthenticationFilter.java:100)
taskmanagement-app  | 	at org.springframework.security.web.ObservationFilterChainDecorator$ObservationFilter.wrapFilter(ObservationFilterChainDecorator.java:240)
taskmanagement-app  | 	at org.springframework.security.web.ObservationFilterChainDecorator$ObservationFilter.doFilter(ObservationFilterChainDecorator.java:227)
taskmanagement-app  | 	at org.springframework.security.web.ObservationFilterChainDecorator$VirtualFilterChain.doFilter(ObservationFilterChainDecorator.java:137)
taskmanagement-app  | 	at org.springframework.security.web.servletapi.SecurityContextHolderAwareRequestFilter.doFilter(SecurityContextHolderAwareRequestFilter.java:179)
taskmanagement-app  | 	at org.springframework.security.web.ObservationFilterChainDecorator$ObservationFilter.wrapFilter(ObservationFilterChainDecorator.java:240)
taskmanagement-app  | 	at org.springframework.security.web.ObservationFilterChainDecorator$ObservationFilter.doFilter(ObservationFilterChainDecorator.java:227)
taskmanagement-app  | 	at org.springframework.security.web.ObservationFilterChainDecorator$VirtualFilterChain.doFilter(ObservationFilterChainDecorator.java:137)
taskmanagement-app  | 	at org.springframework.security.web.savedrequest.RequestCacheAwareFilter.doFilter(RequestCacheAwareFilter.java:63)
taskmanagement-app  | 	at org.springframework.security.web.ObservationFilterChainDecorator$ObservationFilter.wrapFilter(ObservationFilterChainDecorator.java:240)
taskmanagement-app  | 	at org.springframework.security.web.ObservationFilterChainDecorator$ObservationFilter.doFilter(ObservationFilterChainDecorator.java:227)
taskmanagement-app  | 	at org.springframework.security.web.ObservationFilterChainDecorator$VirtualFilterChain.doFilter(ObservationFilterChainDecorator.java:137)
taskmanagement-app  | 	at org.springframework.security.web.authentication.www.BasicAuthenticationFilter.doFilterInternal(BasicAuthenticationFilter.java:181)
taskmanagement-app  | 	at org.springframework.web.filter.OncePerRequestFilter.doFilter(OncePerRequestFilter.java:116)
taskmanagement-app  | 	at org.springframework.security.web.ObservationFilterChainDecorator$ObservationFilter.wrapFilter(ObservationFilterChainDecorator.java:240)
taskmanagement-app  | 	at org.springframework.security.web.ObservationFilterChainDecorator$ObservationFilter.doFilter(ObservationFilterChainDecorator.java:227)
taskmanagement-app  | 	at org.springframework.security.web.ObservationFilterChainDecorator$VirtualFilterChain.doFilter(ObservationFilterChainDecorator.java:137)
taskmanagement-app  | 	at com.phong.taskmanagement.security.JwtAuthenticationFilter.doFilterInternal(JwtAuthenticationFilter.java:106)
taskmanagement-app  | 	at org.springframework.web.filter.OncePerRequestFilter.doFilter(OncePerRequestFilter.java:116)
taskmanagement-app  | 	at org.springframework.security.web.ObservationFilterChainDecorator$ObservationFilter.wrapFilter(ObservationFilterChainDecorator.java:240)
taskmanagement-app  | 	at org.springframework.security.web.ObservationFilterChainDecorator$ObservationFilter.doFilter(ObservationFilterChainDecorator.java:227)
taskmanagement-app  | 	at org.springframework.security.web.ObservationFilterChainDecorator$VirtualFilterChain.doFilter(ObservationFilterChainDecorator.java:137)
taskmanagement-app  | 	at org.springframework.security.web.authentication.logout.LogoutFilter.doFilter(LogoutFilter.java:107)
taskmanagement-app  | 	at org.springframework.security.web.authentication.logout.LogoutFilter.doFilter(LogoutFilter.java:93)
taskmanagement-app  | 	at org.springframework.security.web.ObservationFilterChainDecorator$ObservationFilter.wrapFilter(ObservationFilterChainDecorator.java:240)
taskmanagement-app  | 	at org.springframework.security.web.ObservationFilterChainDecorator$ObservationFilter.doFilter(ObservationFilterChainDecorator.java:227)
taskmanagement-app  | 	at org.springframework.security.web.ObservationFilterChainDecorator$VirtualFilterChain.doFilter(ObservationFilterChainDecorator.java:137)
taskmanagement-app  | 	at org.springframework.web.filter.CorsFilter.doFilterInternal(CorsFilter.java:91)
taskmanagement-app  | 	at org.springframework.web.filter.OncePerRequestFilter.doFilter(OncePerRequestFilter.java:116)
taskmanagement-app  | 	at org.springframework.security.web.ObservationFilterChainDecorator$ObservationFilter.wrapFilter(ObservationFilterChainDecorator.java:240)
taskmanagement-app  | 	at org.springframework.security.web.ObservationFilterChainDecorator$ObservationFilter.doFilter(ObservationFilterChainDecorator.java:227)
taskmanagement-app  | 	at org.springframework.security.web.ObservationFilterChainDecorator$VirtualFilterChain.doFilter(ObservationFilterChainDecorator.java:137)
taskmanagement-app  | 	at org.springframework.security.web.header.HeaderWriterFilter.doHeadersAfter(HeaderWriterFilter.java:90)
taskmanagement-app  | 	at org.springframework.security.web.header.HeaderWriterFilter.doFilterInternal(HeaderWriterFilter.java:75)
taskmanagement-app  | 	at org.springframework.web.filter.OncePerRequestFilter.doFilter(OncePerRequestFilter.java:116)
taskmanagement-app  | 	at org.springframework.security.web.ObservationFilterChainDecorator$ObservationFilter.wrapFilter(ObservationFilterChainDecorator.java:240)
taskmanagement-app  | 	at org.springframework.security.web.ObservationFilterChainDecorator$ObservationFilter.doFilter(ObservationFilterChainDecorator.java:227)
taskmanagement-app  | 	at org.springframework.security.web.ObservationFilterChainDecorator$VirtualFilterChain.doFilter(ObservationFilterChainDecorator.java:137)
taskmanagement-app  | 	at org.springframework.security.web.context.SecurityContextHolderFilter.doFilter(SecurityContextHolderFilter.java:82)
taskmanagement-app  | 	at org.springframework.security.web.context.SecurityContextHolderFilter.doFilter(SecurityContextHolderFilter.java:69)
taskmanagement-app  | 	at org.springframework.security.web.ObservationFilterChainDecorator$ObservationFilter.wrapFilter(ObservationFilterChainDecorator.java:240)
taskmanagement-app  | 	at org.springframework.security.web.ObservationFilterChainDecorator$ObservationFilter.doFilter(ObservationFilterChainDecorator.java:227)
taskmanagement-app  | 	at org.springframework.security.web.ObservationFilterChainDecorator$VirtualFilterChain.doFilter(ObservationFilterChainDecorator.java:137)
taskmanagement-app  | 	at org.springframework.security.web.context.request.async.WebAsyncManagerIntegrationFilter.doFilterInternal(WebAsyncManagerIntegrationFilter.java:62)
taskmanagement-app  | 	at org.springframework.web.filter.OncePerRequestFilter.doFilter(OncePerRequestFilter.java:116)
taskmanagement-app  | 	at org.springframework.security.web.ObservationFilterChainDecorator$ObservationFilter.wrapFilter(ObservationFilterChainDecorator.java:240)
taskmanagement-app  | 	at org.springframework.security.web.ObservationFilterChainDecorator$ObservationFilter.doFilter(ObservationFilterChainDecorator.java:227)
taskmanagement-app  | 	at org.springframework.security.web.ObservationFilterChainDecorator$VirtualFilterChain.doFilter(ObservationFilterChainDecorator.java:137)
taskmanagement-app  | 	at org.springframework.security.web.session.DisableEncodeUrlFilter.doFilterInternal(DisableEncodeUrlFilter.java:42)
taskmanagement-app  | 	at org.springframework.web.filter.OncePerRequestFilter.doFilter(OncePerRequestFilter.java:116)
taskmanagement-app  | 	at org.springframework.security.web.ObservationFilterChainDecorator$ObservationFilter.wrapFilter(ObservationFilterChainDecorator.java:240)
taskmanagement-app  | 	at org.springframework.security.web.ObservationFilterChainDecorator$AroundFilterObservation$SimpleAroundFilterObservation.lambda$wrap$0(ObservationFilterChainDecorator.java:323)
taskmanagement-app  | 	at org.springframework.security.web.ObservationFilterChainDecorator$ObservationFilter.doFilter(ObservationFilterChainDecorator.java:224)
taskmanagement-app  | 	at org.springframework.security.web.ObservationFilterChainDecorator$VirtualFilterChain.doFilter(ObservationFilterChainDecorator.java:137)
taskmanagement-app  | 	at org.springframework.security.web.FilterChainProxy.doFilterInternal(FilterChainProxy.java:233)
taskmanagement-app  | 	at org.springframework.security.web.FilterChainProxy.doFilter(FilterChainProxy.java:191)
taskmanagement-app  | 	at org.springframework.web.filter.CompositeFilter$VirtualFilterChain.doFilter(CompositeFilter.java:113)
taskmanagement-app  | 	at org.springframework.web.filter.ServletRequestPathFilter.doFilter(ServletRequestPathFilter.java:52)
taskmanagement-app  | 	at org.springframework.web.filter.CompositeFilter$VirtualFilterChain.doFilter(CompositeFilter.java:113)
taskmanagement-app  | 	at org.springframework.web.filter.CompositeFilter.doFilter(CompositeFilter.java:74)
taskmanagement-app  | 	at org.springframework.security.config.annotation.web.configuration.WebSecurityConfiguration$CompositeFilterChainProxy.doFilter(WebSecurityConfiguration.java:319)
taskmanagement-app  | 	at org.springframework.web.filter.CompositeFilter$VirtualFilterChain.doFilter(CompositeFilter.java:113)
taskmanagement-app  | 	at org.springframework.web.servlet.handler.HandlerMappingIntrospector.lambda$createCacheFilter$4(HandlerMappingIntrospector.java:267)
taskmanagement-app  | 	at org.springframework.web.filter.CompositeFilter$VirtualFilterChain.doFilter(CompositeFilter.java:113)
taskmanagement-app  | 	at org.springframework.web.filter.CompositeFilter.doFilter(CompositeFilter.java:74)
taskmanagement-app  | 	at org.springframework.security.config.annotation.web.configuration.WebMvcSecurityConfiguration$CompositeFilterChainProxy.doFilter(WebMvcSecurityConfiguration.java:240)
taskmanagement-app  | 	at org.springframework.web.filter.DelegatingFilterProxy.invokeDelegate(DelegatingFilterProxy.java:362)
taskmanagement-app  | 	at org.springframework.web.filter.DelegatingFilterProxy.doFilter(DelegatingFilterProxy.java:278)
taskmanagement-app  | 	at org.apache.catalina.core.ApplicationFilterChain.internalDoFilter(ApplicationFilterChain.java:164)
taskmanagement-app  | 	at org.apache.catalina.core.ApplicationFilterChain.doFilter(ApplicationFilterChain.java:140)
taskmanagement-app  | 	at org.springframework.web.filter.RequestContextFilter.doFilterInternal(RequestContextFilter.java:100)
taskmanagement-app  | 	at org.springframework.web.filter.OncePerRequestFilter.doFilter(OncePerRequestFilter.java:116)
taskmanagement-app  | 	at org.apache.catalina.core.ApplicationFilterChain.internalDoFilter(ApplicationFilterChain.java:164)
taskmanagement-app  | 	at org.apache.catalina.core.ApplicationFilterChain.doFilter(ApplicationFilterChain.java:140)
taskmanagement-app  | 	at org.springframework.web.filter.FormContentFilter.doFilterInternal(FormContentFilter.java:93)
taskmanagement-app  | 	at org.springframework.web.filter.OncePerRequestFilter.doFilter(OncePerRequestFilter.java:116)
taskmanagement-app  | 	at org.apache.catalina.core.ApplicationFilterChain.internalDoFilter(ApplicationFilterChain.java:164)
taskmanagement-app  | 	at org.apache.catalina.core.ApplicationFilterChain.doFilter(ApplicationFilterChain.java:140)
taskmanagement-app  | 	at org.springframework.web.filter.ServerHttpObservationFilter.doFilterInternal(ServerHttpObservationFilter.java:114)
taskmanagement-app  | 	at org.springframework.web.filter.OncePerRequestFilter.doFilter(OncePerRequestFilter.java:116)
taskmanagement-app  | 	at org.apache.catalina.core.ApplicationFilterChain.internalDoFilter(ApplicationFilterChain.java:164)
taskmanagement-app  | 	at org.apache.catalina.core.ApplicationFilterChain.doFilter(ApplicationFilterChain.java:140)
taskmanagement-app  | 	at org.springframework.web.filter.CharacterEncodingFilter.doFilterInternal(CharacterEncodingFilter.java:201)
taskmanagement-app  | 	at org.springframework.web.filter.OncePerRequestFilter.doFilter(OncePerRequestFilter.java:116)
taskmanagement-app  | 	at org.apache.catalina.core.ApplicationFilterChain.internalDoFilter(ApplicationFilterChain.java:164)
taskmanagement-app  | 	at org.apache.catalina.core.ApplicationFilterChain.doFilter(ApplicationFilterChain.java:140)
taskmanagement-app  | 	at org.apache.catalina.core.StandardWrapperValve.invoke(StandardWrapperValve.java:167)
taskmanagement-app  | 	at org.apache.catalina.core.StandardContextValve.invoke(StandardContextValve.java:90)
taskmanagement-app  | 	at org.apache.catalina.authenticator.AuthenticatorBase.invoke(AuthenticatorBase.java:483)
taskmanagement-app  | 	at org.apache.catalina.core.StandardHostValve.invoke(StandardHostValve.java:116)
taskmanagement-app  | 	at org.apache.catalina.valves.ErrorReportValve.invoke(ErrorReportValve.java:93)
taskmanagement-app  | 	at org.apache.catalina.core.StandardEngineValve.invoke(StandardEngineValve.java:74)
taskmanagement-app  | 	at org.apache.catalina.connector.CoyoteAdapter.service(CoyoteAdapter.java:344)
taskmanagement-app  | 	at org.apache.coyote.http11.Http11Processor.service(Http11Processor.java:398)
taskmanagement-app  | 	at org.apache.coyote.AbstractProcessorLight.process(AbstractProcessorLight.java:63)
taskmanagement-app  | 	at org.apache.coyote.AbstractProtocol$ConnectionHandler.process(AbstractProtocol.java:903)
taskmanagement-app  | 	at org.apache.tomcat.util.net.NioEndpoint$SocketProcessor.doRun(NioEndpoint.java:1769)
taskmanagement-app  | 	at org.apache.tomcat.util.net.SocketProcessorBase.run(SocketProcessorBase.java:52)
taskmanagement-app  | 	at org.apache.tomcat.util.threads.ThreadPoolExecutor.runWorker(ThreadPoolExecutor.java:1189)
taskmanagement-app  | 	at org.apache.tomcat.util.threads.ThreadPoolExecutor$Worker.run(ThreadPoolExecutor.java:658)
taskmanagement-app  | 	at org.apache.tomcat.util.threads.TaskThread$WrappingRunnable.run(TaskThread.java:63)
taskmanagement-app  | 	at java.base/java.lang.Thread.run(Unknown Source)
